10.129.233.19:6379> get stor
"e80d635f95686148284526e1980740f8"
10.129.233.19:6379> get temp
"1c98492cd337252698d0c5f631dfb7ae"
10.129.233.19:6379> fet flaf
(error) ERR unknown command `fet`, with args beginning with: `flaf`, 
10.129.233.19:6379> fet flag
(error) ERR unknown command `fet`, with args beginning with: `flag`, 
10.129.233.19:6379> get flag
"03e1d2b376c37ab3f5319922053953eb"
10.129.233.19:6379> get numb
"bb2c8a7506ee45cc981eb88bb81dddab"